Microchip MPLAB XC8 Compiler V2.50

Linker command line:

-W-3 \
  --edf=C:\Program Files\Microchip\xc8\v2.50\pic\dat\20240725155939_en.msgs \
  -cn -h+dist/default/production\Lab4.X.production.sym \
  --cmf=dist/default/production\Lab4.X.production.cmf -z -Q18F4550 \
  -oC:\Users\sergi\AppData\Local\Temp\xcAs3eg.\driver_tmp_3.obj \
  -Mdist/default/production/Lab4.X.production.map \
  --md=C:\Users\sergi\AppData\Local\Temp\xcAs3eg.\driver_tmp_0.dat -E1 \
  -ver=XC8 Compiler -ACODE=00h-07FFFh -ACONST=00h-07FFFh \
  -ASMALLCONST=0800h-08FFhx120 -AMEDIUMCONST=0800h-07FFFh -ACOMRAM=01h-05Fh \
  -AABS1=00h-07FFh -ABIGRAM=01h-07FFh -ARAM=060h-0FFh,0100h-01FFhx7 \
  -ABANK0=060h-0FFh -ABANK1=0100h-01FFh -ABANK2=0200h-02FFh \
  -ABANK3=0300h-03FFh -ABANK4=0400h-04FFh -ABANK5=0500h-05FFh \
  -ABANK6=0600h-06FFh -ABANK7=0700h-07FFh -ASFR=0F60h-0FFFh \
  -ABIGSFR=0F60h-0FFFh -ACONFIG=0300000h-030000Dh -AIDLOC=0200000h-0200007h \
  -AEEDATA=0F00000h-0F000FFh -peeprom_data=EEDATA \
  -preset_vec=00h,intcode=8h,intcodelo,powerup,init -pramtop=0800h \
  -psmallconst=SMALLCONST -pmediumconst=MEDIUMCONST -pconst=CONST \
  -AFARRAM=00h-00h \
  -prdata=COMRAM,nvrram=COMRAM,nvbit=COMRAM,rbss=COMRAM,rbit=COMRAM \
  -pfarbss=FARRAM,fardata=FARRAM,nvFARRAM=FARRAM \
  -pintsave_regs=BIGRAM,bigbss=BIGRAM,bigdata=BIGRAM -pbss=RAM \
  -pidata=CODE,irdata=CODE,ibigdata=CODE,ifardata=CODE -prparam=COMRAM \
  C:\Users\sergi\AppData\Local\Temp\xcAs3eg.\driver_tmp_9.obj \
  dist/default/production\Lab4.X.production.obj 

Object code version is 3.11

Machine type is 18F4550



                Name                               Link     Load   Length Selector   Space Scale
C:\Users\sergi\AppData\Local\Temp\xcAs3eg.\driver_tmp_9.obj
                idloc                            200000   200000        8        0       5
                config                           300000   300000        E        0       4
                init                                  E        E        4        4       0
                reset_vec                             0        0        4        0       0
dist/default/production\Lab4.X.production.obj
                intcode                               8        8        6        4       0
                idloc                            200000   200000        8        0       5
                config                           300000   300000        E        0       4
                temp                                 46       46        1        1       1
                smallconst                          800      800       A2      400       0
                text39                             15FC     15FC        E      AF7       0
                text38                             11C6     11C6       56      451       0
                text37                             12B4     12B4       46      451       0
                text36                             158A     158A       16      451       0
                text35                             15C8     15C8       14      451       0
                text34                             1574     1574       16      451       0
                text33                             1632     1632        8      AF7       0
                text32                             1452     1452       32      451       0
                text31                             162A     162A        8      AF7       0
                text30                             14B2     14B2       2E      451       0
                text29                             13E8     13E8       38      451       0
                text28                             1508     1508       28      451       0
                text27                              DC0      DC0       E6      451       0
                text26                             1622     1622        8      AF7       0
                text25                             1116     1116       5A      451       0
                text24                             121C     121C       52      451       0
                text23                             1338     1338       3E      451       0
                intcode_body                        8A2      8A2      24A      451       0
                text21                             1530     1530       18      451       0
                text20                             15EE     15EE        E      AF7       0
                text19                             1170     1170       56      451       0
                text18                             126E     126E       46      451       0
                text17                             155E     155E       16      451       0
                text16                             10BA     10BA       5C      451       0
                text15                             15B4     15B4       14      451       0
                text14                             15A0     15A0       14      451       0
                text13                             101E     101E       9C      451       0
                text12                             1548     1548       16      451       0
                text11                             12FA     12FA       3E      451       0
                text10                             161A     161A        8      AF7       0
                text9                              1420     1420       32      451       0
                text8                              1612     1612        8      AF7       0
                text7                               F72      F72       AC      451       0
                text6                              1484     1484       2E      451       0
                text5                              13B0     13B0       38      451       0
                text4                              14E0     14E0       28      451       0
                text3                               CDA      CDA       E6      451       0
                text2                              160A     160A        8      AF7       0
                text1                               EA6      EA6       CC      451       0
                text0                               AEC      AEC      1EE      451       0
                cstackCOMRAM                          1        1       26        1       1
                cstackBANK0                          60       60        2       60       1
                dataCOMRAM                           27       27       11        1       1
                bssCOMRAM                            38       38        D        1       1
                cinit                              1376     1376       3A      451       0
                nvCOMRAM                             45       45        1        1       1
                idataCOMRAM                        15DC     15DC       11      451       0

TOTAL           Name                               Link     Load   Length     Space
        CLASS   CODE           
                intcode                               8        8        6         0
                init                                  E        E        4         0
                reset_vec                             0        0        4         0
                text39                             15FC     15FC        E         0
                text38                             11C6     11C6       56         0
                text37                             12B4     12B4       46         0
                text36                             158A     158A       16         0
                text35                             15C8     15C8       14         0
                text34                             1574     1574       16         0
                text33                             1632     1632        8         0
                text32                             1452     1452       32         0
                text31                             162A     162A        8         0
                text30                             14B2     14B2       2E         0
                text29                             13E8     13E8       38         0
                text28                             1508     1508       28         0
                text27                              DC0      DC0       E6         0
                text26                             1622     1622        8         0
                text25                             1116     1116       5A         0
                text24                             121C     121C       52         0
                text23                             1338     1338       3E         0
                intcode_body                        8A2      8A2      24A         0
                text21                             1530     1530       18         0
                text20                             15EE     15EE        E         0
                text19                             1170     1170       56         0
                text18                             126E     126E       46         0
                text17                             155E     155E       16         0
                text16                             10BA     10BA       5C         0
                text15                             15B4     15B4       14         0
                text14                             15A0     15A0       14         0
                text13                             101E     101E       9C         0
                text12                             1548     1548       16         0
                text11                             12FA     12FA       3E         0
                text10                             161A     161A        8         0
                text9                              1420     1420       32         0
                text8                              1612     1612        8         0
                text7                               F72      F72       AC         0
                text6                              1484     1484       2E         0
                text5                              13B0     13B0       38         0
                text4                              14E0     14E0       28         0
                text3                               CDA      CDA       E6         0
                text2                              160A     160A        8         0
                text1                               EA6      EA6       CC         0
                text0                               AEC      AEC      1EE         0
                cinit                              1376     1376       3A         0
                idataCOMRAM                        15DC     15DC       11         0

        CLASS   CONST          

        CLASS   SMALLCONST     
                smallconst                          800      800       A2         0

        CLASS   MEDIUMCONST    

        CLASS   COMRAM         
                temp                                 46       46        1         1
                cstackCOMRAM                          1        1       26         1
                dataCOMRAM                           27       27       11         1
                bssCOMRAM                            38       38        D         1
                nvCOMRAM                             45       45        1         1

        CLASS   ABS1           

        CLASS   BIGRAM         

        CLASS   RAM            

        CLASS   BANK0          
                cstackBANK0                          60       60        2         1

        CLASS   BANK1          

        CLASS   BANK2          

        CLASS   BANK3          

        CLASS   BANK4          

        CLASS   BANK5          

        CLASS   BANK6          

        CLASS   BANK7          

        CLASS   SFR            

        CLASS   BIGSFR         

        CLASS   CONFIG         
                config                           300000   300000        E         4

        CLASS   IDLOC          
                idloc                            200000   200000        8         5

        CLASS   EEDATA         

        CLASS   FARRAM         

        CLASS   HEAP           

        CLASS   STACK          



SEGMENTS        Name                           Load    Length   Top    Selector   Space  Class

                reset_vec                      000000  000004  000004         0       0  CODE    
                cstackCOMRAM                   000001  000046  000047         1       1  COMRAM  
                intcode                        000008  00000A  000012         4       0  CODE    
                cstackBANK0                    000060  000002  000062        60       1  BANK0   
                smallconst                     000800  0000A2  0008A2       400       0  SMALLCON
                intcode_body                   0008A2  000D4B  0015ED       451       0  CODE    
                text20                         0015EE  00004C  00163A       AF7       0  CODE    


UNUSED ADDRESS RANGES

        Name                Unused          Largest block    Delta
        BANK0            000062-0000FF               9E
        BANK1            000100-0001FF              100
        BANK2            000200-0002FF              100
        BANK3            000300-0003FF              100
        BANK4            000400-0004FF              100
        BANK5            000500-0005FF              100
        BANK6            000600-0006FF              100
        BANK7            000700-0007FF              100
        BIGRAM           000047-00005F               19
                         000062-0007FF              79E
        BIGSFR           000F60-000FFF               A0
        CODE             000004-000007                4
                         000012-0007FF              7EE
                         0015ED-0015ED                1
                         00163A-007FFF             69C6
        COMRAM           000047-00005F               19
        CONST            000004-000007                4
                         000012-0007FF              7EE
                         0015ED-0015ED                1
                         00163A-007FFF             69C6
        EEDATA           F00000-F000FF              100
        MEDIUMCONST      0015ED-0015ED                1
                         00163A-007FFF             69C6
        RAM              000062-0007FF              100
        SFR              000F60-000FFF               A0
        SMALLCONST       0015ED-0015ED                1
                         00163A-007FFF              100

                                  Symbol Table

?___lwdiv                   cstackCOMRAM 000001
Bienvenida@i                cstackCOMRAM 000025
ComandoLCD@a                cstackCOMRAM 00001F
ConfiguraLCD@a              cstackCOMRAM 00001A
CrearCaracter@arreglo       cstackCOMRAM 00001F
CrearCaracter@i             cstackCOMRAM 000021
CrearCaracter@posicionCGRAM cstackCOMRAM 000020
DireccionaLCD@a             cstackCOMRAM 00001E
EnviaDato@a                 cstackCOMRAM 00001D
EscribeLCD_c@a              cstackCOMRAM 00001E
EscribeLCD_n8@a             cstackCOMRAM 000026
EscribeLCD_n8@b             cstackCOMRAM 000022
EscribeLCD_n8@centena       cstackCOMRAM 000023
EscribeLCD_n8@decena        cstackCOMRAM 000024
EscribeLCD_n8@unidad        cstackCOMRAM 000025
MensajeLCD_Var@a            cstackCOMRAM 00001F
MensajeLCD_Var@i            cstackCOMRAM 000021
RetardoLCD@a                cstackCOMRAM 00001B
_ADCON1                     (abs)        000FC1
_Bienvenida                 text7        000F72
_BorraLCD                   text14       0015A0
_Borrar                     text30       0014B2
_ComandoLCD                 text9        001420
_ConfigPregunta             text25       001116
_ConfigVariables            text6        001484
_ConfiguraLCD               text21       001530
_CrearCaracter              text16       0010BA
_CursorAInicio              text10       00161A
_DesplazaPantallaD          text15       0015B4
_DireccionaLCD              text17       00155E
_EnviaDato                  text18       00126E
_EscribeLCD_c               text12       001548
_EscribeLCD_n8              text3        000CDA
_Estrella                   dataCOMRAM   000030
_GIE                        (abs)        007F97
_HabilitaLCD                text20       0015EE
_ISR                        intcode      000008
_InicializaLCD              text13       00101E
_LATA1                      (abs)        007C49
_LATA2                      (abs)        007C4A
_LATA3                      (abs)        007C4B
_LATA4                      (abs)        007C4C
_LATA5                      (abs)        007C4D
_LATB                       (abs)        000F8A
_LATD                       (abs)        000F8C
_LATE                       (abs)        000F8D
_Marco                      dataCOMRAM   000028
_MensajeLCD_Var             text11       0012FA
_MostrarCursor              text2        00160A
_OcultarCursor              text8        001612
_PEIE                       (abs)        007F96
_PORTB                      (abs)        000F81
_PreguntaAlUsuario          text1        000EA6
_RB4                        (abs)        007C0C
_RB5                        (abs)        007C0D
_RB6                        (abs)        007C0E
_RB7                        (abs)        007C0F
_RBIE                       (abs)        007F93
_RBIF                       (abs)        007F90
_RBPU                       (abs)        007F8F
_RC1                        (abs)        007C11
_RetardoLCD                 text19       001170
_T0CON                      (abs)        000FD5
_T1CON                      (abs)        000FCD
_TMR0                       (abs)        000FD6
_TMR0IE                     (abs)        007F95
_TMR0IF                     (abs)        007F92
_TMR0ON                     (abs)        007EAF
_TMR1                       (abs)        000FCE
_TMR1IE                     (abs)        007CE8
_TMR1IF                     (abs)        007CF0
_TMR1ON                     (abs)        007E68
_TRISA1                     (abs)        007C91
_TRISA2                     (abs)        007C92
_TRISA3                     (abs)        007C93
_TRISA4                     (abs)        007C94
_TRISA5                     (abs)        007C95
_TRISB                      (abs)        000F93
_TRISC1                     (abs)        007CA1
_TRISD                      (abs)        000F95
_TRISE                      (abs)        000F96
__HRAM                      (abs)        000000
__H__absolute__             __absolute__ 000000
__Habs1                     abs1         000000
__Hbank0                    bank0        000000
__Hbank1                    bank1        000000
__Hbank2                    bank2        000000
__Hbank3                    bank3        000000
__Hbank4                    bank4        000000
__Hbank5                    bank5        000000
__Hbank6                    bank6        000000
__Hbank7                    bank7        000000
__Hbigbss                   bigbss       000000
__Hbigdata                  bigdata      000000
__Hbigram                   bigram       000000
__Hbigsfr                   bigsfr       000000
__Hbss                      bss          000000
__HbssCOMRAM                bssCOMRAM    000000
__Hcinit                    cinit        000000
__Hclrtext                  clrtext      000000
__Hcomram                   comram       000000
__Hconfig                   config       30000E
__Hconst                    const        000000
__HcstackBANK0              cstackBANK0  000000
__HcstackCOMRAM             cstackCOMRAM 000000
__Hdata                     data         000000
__HdataCOMRAM               dataCOMRAM   000000
__Heeprom_data              eeprom_data  000000
__Hfarbss                   farbss       000000
__Hfardata                  fardata      000000
__Hheap                     heap         000000
__Hibigdata                 ibigdata     000000
__Hidata                    idata        000000
__HidataCOMRAM              idataCOMRAM  000000
__Hidloc                    idloc        200008
__Hifardata                 ifardata     000000
__Hinit                     init         000012
__Hintcode                  intcode      00000E
__Hintcode_body             intcode_body 000000
__Hintcodelo                intcodelo    00000E
__Hintentry                 intentry     000000
__Hintret                   intret       000000
__Hintsave_regs             intsave_regs 000000
__Hirdata                   irdata       000000
__Hmediumconst              mediumconst  000000
__HnvCOMRAM                 nvCOMRAM     000000
__HnvFARRAM                 nvFARRAM     000000
__Hnvbit                    nvbit        000000
__Hnvrram                   nvrram       000000
__Hparam                    rparam       000000
__Hpowerup                  powerup      00000E
__Hram                      ram          000000
__Hramtop                   ramtop       000800
__Hrbit                     rbit         000000
__Hrbss                     rbss         000000
__Hrdata                    rdata        000000
__Hreset_vec                reset_vec    000004
__Hrparam                   rparam       000000
__Hsfr                      sfr          000000
__Hsivt_hi                  sivt_hi      000000
__Hsivt_lo                  sivt_lo      000000
__Hsmallconst               smallconst   0008A2
__Hspace_0                  (abs)        00163A
__Hspace_1                  (abs)        000062
__Hspace_2                  (abs)        000000
__Hspace_4                  (abs)        60000E
__Hstack                    stack        000000
__Hstruct                   struct       000000
__Htemp                     temp         000047
__Htext                     text         000000
__Htext0                    text0        000000
__Htext1                    text1        000000
__Htext10                   text10       000000
__Htext11                   text11       000000
__Htext12                   text12       000000
__Htext13                   text13       000000
__Htext14                   text14       000000
__Htext15                   text15       000000
__Htext16                   text16       000000
__Htext17                   text17       000000
__Htext18                   text18       000000
__Htext19                   text19       000000
__Htext2                    text2        000000
__Htext20                   text20       000000
__Htext21                   text21       000000
__Htext23                   text23       000000
__Htext24                   text24       000000
__Htext25                   text25       000000
__Htext26                   text26       000000
__Htext27                   text27       000000
__Htext28                   text28       000000
__Htext29                   text29       000000
__Htext3                    text3        000000
__Htext30                   text30       000000
__Htext31                   text31       000000
__Htext32                   text32       000000
__Htext33                   text33       000000
__Htext34                   text34       000000
__Htext35                   text35       000000
__Htext36                   text36       000000
__Htext37                   text37       000000
__Htext38                   text38       000000
__Htext39                   text39       000000
__Htext4                    text4        000000
__Htext5                    text5        000000
__Htext6                    text6        000000
__Htext7                    text7        000000
__Htext8                    text8        000000
__Htext9                    text9        000000
__LRAM                      (abs)        000001
__L__absolute__             __absolute__ 000000
__Labs1                     abs1         000000
__Lbank0                    bank0        000000
__Lbank1                    bank1        000000
__Lbank2                    bank2        000000
__Lbank3                    bank3        000000
__Lbank4                    bank4        000000
__Lbank5                    bank5        000000
__Lbank6                    bank6        000000
__Lbank7                    bank7        000000
__Lbigbss                   bigbss       000000
__Lbigdata                  bigdata      000000
__Lbigram                   bigram       000000
__Lbigsfr                   bigsfr       000000
__Lbss                      bss          000000
__LbssCOMRAM                bssCOMRAM    000000
__Lcinit                    cinit        000000
__Lclrtext                  clrtext      000000
__Lcomram                   comram       000000
__Lconfig                   config       000000
__Lconst                    const        000000
__LcstackBANK0              cstackBANK0  000000
__LcstackCOMRAM             cstackCOMRAM 000000
__Ldata                     data         000000
__LdataCOMRAM               dataCOMRAM   000000
__Leeprom_data              eeprom_data  000000
__Lfarbss                   farbss       000000
__Lfardata                  fardata      000000
__Lheap                     heap         000000
__Libigdata                 ibigdata     000000
__Lidata                    idata        000000
__LidataCOMRAM              idataCOMRAM  000000
__Lidloc                    idloc        000000
__Lifardata                 ifardata     000000
__Linit                     init         00000E
__Lintcode                  intcode      000008
__Lintcode_body             intcode_body 000000
__Lintcodelo                intcodelo    00000E
__Lintentry                 intentry     000000
__Lintret                   intret       000000
__Lintsave_regs             intsave_regs 000000
__Lirdata                   irdata       000000
__Lmediumconst              mediumconst  000000
__LnvCOMRAM                 nvCOMRAM     000000
__LnvFARRAM                 nvFARRAM     000000
__Lnvbit                    nvbit        000000
__Lnvrram                   nvrram       000000
__Lparam                    rparam       000000
__Lpowerup                  powerup      00000E
__Lram                      ram          000000
__Lramtop                   ramtop       000800
__Lrbit                     rbit         000000
__Lrbss                     rbss         000000
__Lrdata                    rdata        000000
__Lreset_vec                reset_vec    000000
__Lrparam                   rparam       000000
__Lsfr                      sfr          000000
__Lsivt_hi                  sivt_hi      000000
__Lsivt_lo                  sivt_lo      000000
__Lsmallconst               smallconst   000800
__Lspace_0                  (abs)        000000
__Lspace_1                  (abs)        000000
__Lspace_2                  (abs)        000000
__Lspace_4                  (abs)        000000
__Lstack                    stack        000000
__Lstruct                   struct       000000
__Ltemp                     temp         000046
__Ltext                     text         000000
__Ltext0                    text0        000000
__Ltext1                    text1        000000
__Ltext10                   text10       000000
__Ltext11                   text11       000000
__Ltext12                   text12       000000
__Ltext13                   text13       000000
__Ltext14                   text14       000000
__Ltext15                   text15       000000
__Ltext16                   text16       000000
__Ltext17                   text17       000000
__Ltext18                   text18       000000
__Ltext19                   text19       000000
__Ltext2                    text2        000000
__Ltext20                   text20       000000
__Ltext21                   text21       000000
__Ltext23                   text23       000000
__Ltext24                   text24       000000
__Ltext25                   text25       000000
__Ltext26                   text26       000000
__Ltext27                   text27       000000
__Ltext28                   text28       000000
__Ltext29                   text29       000000
__Ltext3                    text3        000000
__Ltext30                   text30       000000
__Ltext31                   text31       000000
__Ltext32                   text32       000000
__Ltext33                   text33       000000
__Ltext34                   text34       000000
__Ltext35                   text35       000000
__Ltext36                   text36       000000
__Ltext37                   text37       000000
__Ltext38                   text38       000000
__Ltext39                   text39       000000
__Ltext4                    text4        000000
__Ltext5                    text5        000000
__Ltext6                    text6        000000
__Ltext7                    text7        000000
__Ltext8                    text8        000000
__Ltext9                    text9        000000
__S0                        (abs)        00163A
__S1                        (abs)        000062
__S4                        (abs)        000000
__S5                        (abs)        000000
___heap_hi                  (abs)        000000
___heap_lo                  (abs)        000000
___inthi_sp                 stack        000000
___inthi_stack_hi           stack        000000
___inthi_stack_lo           stack        000000
___intlo_sp                 stack        000000
___intlo_stack_hi           stack        000000
___intlo_stack_lo           stack        000000
___lbdiv                    text5        0013B0
___lbdiv@counter            cstackCOMRAM 000020
___lbdiv@dividend           cstackCOMRAM 00001F
___lbdiv@divisor            cstackCOMRAM 00001E
___lbdiv@quotient           cstackCOMRAM 000021
___lbmod                    text4        0014E0
___lbmod@counter            cstackCOMRAM 00001C
___lbmod@dividend           cstackCOMRAM 00001B
___lbmod@divisor            cstackCOMRAM 00001A
___lbmod@rem                cstackCOMRAM 00001D
___lwdiv                    text24       00121C
___lwdiv@counter            cstackCOMRAM 000007
___lwdiv@dividend           cstackCOMRAM 000001
___lwdiv@divisor            cstackCOMRAM 000003
___lwdiv@quotient           cstackCOMRAM 000005
___param_bank               (abs)        000000
___rparam_used              (abs)        000001
___sp                       stack        000000
___stack_hi                 stack        000000
___stack_lo                 stack        000000
__accesstop                 (abs)        000060
__activetblptr              (abs)        000002
__end_of_Bienvenida         text7        00101E
__end_of_BorraLCD           text14       0015B4
__end_of_Borrar             text30       0014E0
__end_of_ComandoLCD         text9        001452
__end_of_ConfigPregunta     text25       001170
__end_of_ConfigVariables    text6        0014B2
__end_of_ConfiguraLCD       text21       001548
__end_of_CrearCaracter      text16       001116
__end_of_CursorAInicio      text10       001622
__end_of_DesplazaPantallaD  text15       0015C8
__end_of_DireccionaLCD      text17       001574
__end_of_EnviaDato          text18       0012B4
__end_of_EscribeLCD_c       text12       00155E
__end_of_EscribeLCD_n8      text3        000DC0
__end_of_HabilitaLCD        text20       0015FC
__end_of_ISR                intcode_body 000AEC
__end_of_InicializaLCD      text13       0010BA
__end_of_MensajeLCD_Var     text11       001338
__end_of_MostrarCursor      text2        001612
__end_of_OcultarCursor      text8        00161A
__end_of_PreguntaAlUsuario  text1        000F72
__end_of_RetardoLCD         text19       0011C6
__end_of___lbdiv            text5        0013E8
__end_of___lbmod            text4        001508
__end_of___lwdiv            text24       00126E
__end_of__initialization    cinit        0013A2
__end_of_main               text0        000CDA
__end_ofi2_BorraLCD         text35       0015DC
__end_ofi2_ComandoLCD       text32       001484
__end_ofi2_CursorAInicio    text33       00163A
__end_ofi2_DireccionaLCD    text34       00158A
__end_ofi2_EnviaDato        text37       0012FA
__end_ofi2_EscribeLCD_c     text36       0015A0
__end_ofi2_EscribeLCD_n8    text27       000EA6
__end_ofi2_HabilitaLCD      text39       00160A
__end_ofi2_MensajeLCD_Var   text23       001376
__end_ofi2_MostrarCursor    text31       001632
__end_ofi2_OcultarCursor    text26       00162A
__end_ofi2_RetardoLCD       text38       00121C
__end_ofi2___lbdiv          text29       001420
__end_ofi2___lbmod          text28       001530
__initialization            cinit        001376
__mediumconst               mediumconst  000000
__pbssCOMRAM                bssCOMRAM    000038
__pcinit                    cinit        001376
__pcstackBANK0              cstackBANK0  000060
__pcstackCOMRAM             cstackCOMRAM 000001
__pdataCOMRAM               dataCOMRAM   000027
__pidataCOMRAM              idataCOMRAM  0015DC
__pintcode                  intcode      000008
__pintcode_body             intcode_body 0008A2
__pnvCOMRAM                 nvCOMRAM     000045
__psmallconst               smallconst   000800
__ptext0                    text0        000AEC
__ptext1                    text1        000EA6
__ptext10                   text10       00161A
__ptext11                   text11       0012FA
__ptext12                   text12       001548
__ptext13                   text13       00101E
__ptext14                   text14       0015A0
__ptext15                   text15       0015B4
__ptext16                   text16       0010BA
__ptext17                   text17       00155E
__ptext18                   text18       00126E
__ptext19                   text19       001170
__ptext2                    text2        00160A
__ptext20                   text20       0015EE
__ptext21                   text21       001530
__ptext23                   text23       001338
__ptext24                   text24       00121C
__ptext25                   text25       001116
__ptext26                   text26       001622
__ptext27                   text27       000DC0
__ptext28                   text28       001508
__ptext29                   text29       0013E8
__ptext3                    text3        000CDA
__ptext30                   text30       0014B2
__ptext31                   text31       00162A
__ptext32                   text32       001452
__ptext33                   text33       001632
__ptext34                   text34       001574
__ptext35                   text35       0015C8
__ptext36                   text36       00158A
__ptext37                   text37       0012B4
__ptext38                   text38       0011C6
__ptext39                   text39       0015FC
__ptext4                    text4        0014E0
__ptext5                    text5        0013B0
__ptext6                    text6        001484
__ptext7                    text7        000F72
__ptext8                    text8        001612
__ptext9                    text9        001420
__ramtop                    ramtop       000800
__smallconst                smallconst   000800
_decenasRGB                 bssCOMRAM    00003A
_flagConteoActivo           bssCOMRAM    000042
_indiceDigitoObjetivo       bssCOMRAM    000044
_interfaz                   dataCOMRAM   000027
_main                       text0        000AEC
_modoEdicionObjetivo        bssCOMRAM    000043
_piezasObjetivo             bssCOMRAM    000038
_piezasTotalesContadas      bssCOMRAM    00003E
_pulsadorListo              nvCOMRAM     000045
_segundosSinActividad       bssCOMRAM    000040
_teclaLeida                 bssCOMRAM    000041
_unidades7Seg               bssCOMRAM    00003C
btemp                       temp         000046
end_of_initialization       cinit        0013A2
i2ComandoLCD@a              cstackCOMRAM 000006
i2DireccionaLCD@a           cstackCOMRAM 000005
i2EnviaDato@a               cstackCOMRAM 000004
i2EscribeLCD_c@a            cstackCOMRAM 000005
i2EscribeLCD_n8@a           cstackCOMRAM 00000D
i2EscribeLCD_n8@b           cstackCOMRAM 000009
i2EscribeLCD_n8@centena     cstackCOMRAM 00000A
i2EscribeLCD_n8@decena      cstackCOMRAM 00000B
i2EscribeLCD_n8@unidad      cstackCOMRAM 00000C
i2MensajeLCD_Var@a          cstackCOMRAM 000006
i2MensajeLCD_Var@i          cstackCOMRAM 000008
i2RetardoLCD@a              cstackCOMRAM 000002
i2_BorraLCD                 text35       0015C8
i2_ComandoLCD               text32       001452
i2_CursorAInicio            text33       001632
i2_DireccionaLCD            text34       001574
i2_EnviaDato                text37       0012B4
i2_EscribeLCD_c             text36       00158A
i2_EscribeLCD_n8            text27       000DC0
i2_HabilitaLCD              text39       0015FC
i2_MensajeLCD_Var           text23       001338
i2_MostrarCursor            text31       00162A
i2_OcultarCursor            text26       001622
i2_RetardoLCD               text38       0011C6
i2___lbdiv                  text29       0013E8
i2___lbdiv@counter          cstackCOMRAM 000007
i2___lbdiv@dividend         cstackCOMRAM 000006
i2___lbdiv@divisor          cstackCOMRAM 000005
i2___lbdiv@quotient         cstackCOMRAM 000008
i2___lbmod                  text28       001508
i2___lbmod@counter          cstackCOMRAM 000003
i2___lbmod@dividend         cstackCOMRAM 000002
i2___lbmod@divisor          cstackCOMRAM 000001
i2___lbmod@rem              cstackCOMRAM 000004
int$flags                   temp         000046
int_func                    intcode_body 0008A2
intlevel0                   text         000000
intlevel1                   text         000000
intlevel2                   text         000000
intlevel3                   text         000000
isa$std                     (abs)        000001
isa$xinst                   (abs)        000000
stackhi                     (abs)        000000
stacklo                     (abs)        000000
start                       init         00000E
start_initialization        cinit        001376
ttemp5                      temp         000047
ttemp6                      temp         00004A
ttemp7                      temp         00004E
wtemp8                      temp         000047


MODULE INFORMATION

Module		Function		Class		Link	Load	Size
C:\Program Files\Microchip\xc8\v2.50\pic\sources\c90\common\lbdiv.c
		___lbdiv       		CODE           	13B0	0000	56

C:\Program Files\Microchip\xc8\v2.50\pic\sources\c90\common\lbdiv.c estimated size: 56

LibLCDXC8.h
		_DireccionaLCD 		CODE           	155E	0000	22
		_InicializaLCD 		CODE           	101E	0000	156
		_EnviaDato     		CODE           	126E	0000	70
		_DesplazaPantallaD		CODE           	15B4	0000	20
		_CursorAInicio 		CODE           	161A	0000	8
		_OcultarCursor 		CODE           	1612	0000	8
		_CrearCaracter 		CODE           	10BA	0000	92
		_MensajeLCD_Var		CODE           	12FA	0000	62
		_EscribeLCD_c  		CODE           	1548	0000	22
		_HabilitaLCD   		CODE           	15EE	0000	14
		_EscribeLCD_n8 		CODE           	0CDA	0000	230
		_ConfiguraLCD  		CODE           	1530	0000	24
		_MostrarCursor 		CODE           	160A	0000	8
		_BorraLCD      		CODE           	15A0	0000	20
		_RetardoLCD    		CODE           	1170	0000	86
		_ComandoLCD    		CODE           	1420	0000	50

LibLCDXC8.h estimated size: 892

C:\Program Files\Microchip\xc8\v2.50\pic\sources\c90\common\lwdiv.c
		___lwdiv       		CODE           	121C	0000	82

C:\Program Files\Microchip\xc8\v2.50\pic\sources\c90\common\lwdiv.c estimated size: 82

shared
		i2_MensajeLCD_Var		CODE           	1338	0000	62
		i2___lbdiv     		CODE           	13E8	0000	56
		i2___lbmod     		CODE           	1508	0000	40
		i2_MostrarCursor		CODE           	162A	0000	8
		i2_EscribeLCD_c		CODE           	158A	0000	22
		i2_OcultarCursor		CODE           	1622	0000	8
		i2_EnviaDato   		CODE           	12B4	0000	70
		i2_EscribeLCD_n8		CODE           	0DC0	0000	230
		__initialization		CODE           	1376	0000	44
		i2_DireccionaLCD		CODE           	1574	0000	22
		i2_HabilitaLCD 		CODE           	15FC	0000	14
		i2_BorraLCD    		CODE           	15C8	0000	20
		i2_RetardoLCD  		CODE           	11C6	0000	86
		i2_CursorAInicio		CODE           	1632	0000	8
		i2_ComandoLCD  		CODE           	1452	0000	50

shared estimated size: 740

C:\Program Files\Microchip\xc8\v2.50\pic\sources\c90\common\lbmod.c
		___lbmod       		CODE           	14E0	0000	40

C:\Program Files\Microchip\xc8\v2.50\pic\sources\c90\common\lbmod.c estimated size: 40

Lab4.c
		_ISR           		CODE           	0008	0000	592
		_main          		CODE           	0AEC	0000	494
		_ConfigPregunta		CODE           	1116	0000	90
		_Bienvenida    		CODE           	0F72	0000	172
		_PreguntaAlUsuario		CODE           	0EA6	0000	204
		_Borrar        		CODE           	14B2	0000	46
		_ConfigVariables		CODE           	1484	0000	46

Lab4.c estimated size: 1644

