Microchip MPLAB XC8 Compiler V2.50

Linker command line:

-W-3 \
  --edf=C:\Program Files\Microchip\xc8\v2.50\pic\dat\20240725155939_en.msgs \
  -cn -h+dist/default/production\Lab4.X.production.sym \
  --cmf=dist/default/production\Lab4.X.production.cmf -z -Q18F4550 \
  -oC:\Users\sergi\AppData\Local\Temp\xcAs1qg.\driver_tmp_3.obj \
  -Mdist/default/production/Lab4.X.production.map \
  --md=C:\Users\sergi\AppData\Local\Temp\xcAs1qg.\driver_tmp_0.dat -E1 \
  -ver=XC8 Compiler -ACODE=00h-07FFFh -ACONST=00h-07FFFh \
  -ASMALLCONST=0800h-08FFhx120 -AMEDIUMCONST=0800h-07FFFh -ACOMRAM=01h-05Fh \
  -AABS1=00h-07FFh -ABIGRAM=01h-07FFh -ARAM=060h-0FFh,0100h-01FFhx7 \
  -ABANK0=060h-0FFh -ABANK1=0100h-01FFh -ABANK2=0200h-02FFh \
  -ABANK3=0300h-03FFh -ABANK4=0400h-04FFh -ABANK5=0500h-05FFh \
  -ABANK6=0600h-06FFh -ABANK7=0700h-07FFh -ASFR=0F60h-0FFFh \
  -ABIGSFR=0F60h-0FFFh -ACONFIG=0300000h-030000Dh -AIDLOC=0200000h-0200007h \
  -AEEDATA=0F00000h-0F000FFh -peeprom_data=EEDATA \
  -preset_vec=00h,intcode,intcodelo=18h,powerup,init -pramtop=0800h \
  -psmallconst=SMALLCONST -pmediumconst=MEDIUMCONST -pconst=CONST \
  -AFARRAM=00h-00h \
  -prdata=COMRAM,nvrram=COMRAM,nvbit=COMRAM,rbss=COMRAM,rbit=COMRAM \
  -pfarbss=FARRAM,fardata=FARRAM,nvFARRAM=FARRAM \
  -pintsave_regs=BIGRAM,bigbss=BIGRAM,bigdata=BIGRAM -pbss=RAM \
  -pidata=CODE,irdata=CODE,ibigdata=CODE,ifardata=CODE -prparam=COMRAM \
  C:\Users\sergi\AppData\Local\Temp\xcAs1qg.\driver_tmp_9.obj \
  dist/default/production\Lab4.X.production.obj 

Object code version is 3.11

Machine type is 18F4550



                Name                               Link     Load   Length Selector   Space Scale
C:\Users\sergi\AppData\Local\Temp\xcAs1qg.\driver_tmp_9.obj
                idloc                            200000   200000        8        0       5
                config                           300000   300000        E        0       4
                init                                104      104        4        C       0
                reset_vec                             0        0        4        0       0
dist/default/production\Lab4.X.production.obj
                intcodelo                            18       18       EC        C       0
                idloc                            200000   200000        8        0       5
                config                           300000   300000        E        0       4
                temp                                 31       31        1        1       1
                smallconst                          800      800       C8      400       0
                text31                             1170     1170        E      464       0
                text30                              F20      F20       2E      464       0
                text29                             1150     1150       12      464       0
                text28                             10D8     10D8       1E      464       0
                text27                             109A     109A       20      464       0
                text26                              EEA      EEA       36      464       0
                text25                              D0C      D0C       6A      464       0
                text24                              EB2      EB2       38      464       0
                text23                              FCA      FCA       28      464       0
                text22                              FA2      FA2       28      464       0
                text21                              B66      B66       9C      464       0
                text20                             113E     113E       12      464       0
                text19                              E6E      E6E       44      464       0
                text18                             10BA     10BA       1E      464       0
                text17                             1186     1186        6      464       0
                text16                             1128     1128       16      464       0
                text15                             117E     117E        8      464       0
                text14                             1016     1016       24      464       0
                text13                             1162     1162        E      464       0
                text12                              F7A      F7A       28      464       0
                text11                              FF2      FF2       24      464       0
                text10                              E20      E20       4E      464       0
                text9                              107A     107A       20      464       0
                text8                               C8A      C8A       82      464       0
                text7                               D76      D76       56      464       0
                text6                               C02      C02       88      464       0
                text5                               F4E      F4E       2C      464       0
                text4                              105A     105A       20      464       0
                text3                               DCC      DCC       54      464       0
                text2                              103A     103A       20      464       0
                text1                              1110     1110       18      464       0
                text0                               8C8      8C8      29E      464       0
                cstackCOMRAM                          1        1       28        1       1
                bssCOMRAM                            29       29        8        1       1
                cinit                              10F6     10F6       1A      464       0

TOTAL           Name                               Link     Load   Length     Space
        CLASS   CODE           
                intcodelo                            18       18       EC         0
                init                                104      104        4         0
                reset_vec                             0        0        4         0
                text31                             1170     1170        E         0
                text30                              F20      F20       2E         0
                text29                             1150     1150       12         0
                text28                             10D8     10D8       1E         0
                text27                             109A     109A       20         0
                text26                              EEA      EEA       36         0
                text25                              D0C      D0C       6A         0
                text24                              EB2      EB2       38         0
                text23                              FCA      FCA       28         0
                text22                              FA2      FA2       28         0
                text21                              B66      B66       9C         0
                text20                             113E     113E       12         0
                text19                              E6E      E6E       44         0
                text18                             10BA     10BA       1E         0
                text17                             1186     1186        6         0
                text16                             1128     1128       16         0
                text15                             117E     117E        8         0
                text14                             1016     1016       24         0
                text13                             1162     1162        E         0
                text12                              F7A      F7A       28         0
                text11                              FF2      FF2       24         0
                text10                              E20      E20       4E         0
                text9                              107A     107A       20         0
                text8                               C8A      C8A       82         0
                text7                               D76      D76       56         0
                text6                               C02      C02       88         0
                text5                               F4E      F4E       2C         0
                text4                              105A     105A       20         0
                text3                               DCC      DCC       54         0
                text2                              103A     103A       20         0
                text1                              1110     1110       18         0
                text0                               8C8      8C8      29E         0
                cinit                              10F6     10F6       1A         0

        CLASS   CONST          

        CLASS   SMALLCONST     
                smallconst                          800      800       C8         0

        CLASS   MEDIUMCONST    

        CLASS   COMRAM         
                temp                                 31       31        1         1
                cstackCOMRAM                          1        1       28         1
                bssCOMRAM                            29       29        8         1

        CLASS   ABS1           

        CLASS   BIGRAM         

        CLASS   RAM            

        CLASS   BANK0          

        CLASS   BANK1          

        CLASS   BANK2          

        CLASS   BANK3          

        CLASS   BANK4          

        CLASS   BANK5          

        CLASS   BANK6          

        CLASS   BANK7          

        CLASS   SFR            

        CLASS   BIGSFR         

        CLASS   CONFIG         
                config                           300000   300000        E         4

        CLASS   IDLOC          
                idloc                            200000   200000        8         5

        CLASS   EEDATA         

        CLASS   FARRAM         

        CLASS   HEAP           

        CLASS   STACK          



SEGMENTS        Name                           Load    Length   Top    Selector   Space  Class

                reset_vec                      000000  000004  000004         0       0  CODE    
                cstackCOMRAM                   000001  000031  000032         1       1  COMRAM  
                intcodelo                      000018  0000F0  000108         C       0  CODE    
                smallconst                     000800  0000C8  0008C8       400       0  SMALLCON
                text0                          0008C8  0008C4  00118C       464       0  CODE    


UNUSED ADDRESS RANGES

        Name                Unused          Largest block    Delta
        BANK0            000060-0000FF               A0
        BANK1            000100-0001FF              100
        BANK2            000200-0002FF              100
        BANK3            000300-0003FF              100
        BANK4            000400-0004FF              100
        BANK5            000500-0005FF              100
        BANK6            000600-0006FF              100
        BANK7            000700-0007FF              100
        BIGRAM           000032-0007FF              7CE
        BIGSFR           000F60-000FFF               A0
        CODE             000004-000017               14
                         000108-0007FF              6F8
                         00118C-007FFF             6E74
        COMRAM           000032-00005F               2E
        CONST            000004-000017               14
                         000108-0007FF              6F8
                         00118C-007FFF             6E74
        EEDATA           F00000-F000FF              100
        MEDIUMCONST      00118C-007FFF             6E74
        RAM              000060-0007FF              100
        SFR              000F60-000FFF               A0
        SMALLCONST       00118C-007FFF              100

                                  Symbol Table

?___lldiv                      cstackCOMRAM 000011
?___lmul                       cstackCOMRAM 000005
_ADCON1                        (abs)        000FC1
_INTCON2bits                   (abs)        000FF1
_INTCONbits                    (abs)        000FF2
_LATA                          (abs)        000F89
_LATA1                         (abs)        007C49
_LATA2                         (abs)        007C4A
_LATA4                         (abs)        007C4C
_LATA5                         (abs)        007C4D
_LATB                          (abs)        000F8A
_LATD                          (abs)        000F8C
_LATE                          (abs)        000F8D
_LATE0                         (abs)        007C68
_LATE1                         (abs)        007C69
_LATE2                         (abs)        007C6A
_OSCCONbits                    (abs)        000FD3
_PORTB                         (abs)        000F81
_RB4                           (abs)        007C0C
_RB5                           (abs)        007C0D
_RB6                           (abs)        007C0E
_RB7                           (abs)        007C0F
_RC1                           (abs)        007C11
_RCONbits                      (abs)        000FD0
_T0CON                         (abs)        000FD5
_T0CONbits                     (abs)        000FD5
_TMR0H                         (abs)        000FD7
_TMR0L                         (abs)        000FD6
_TRISA                         (abs)        000F92
_TRISB                         (abs)        000F93
_TRISC1                        (abs)        007CA1
_TRISD                         (abs)        000F95
_TRISE                         (abs)        000F96
_Tecla                         bssCOMRAM    00002D
__HRAM                         (abs)        000000
__H__absolute__                __absolute__ 000000
__Habs1                        abs1         000000
__Hbank0                       bank0        000000
__Hbank1                       bank1        000000
__Hbank2                       bank2        000000
__Hbank3                       bank3        000000
__Hbank4                       bank4        000000
__Hbank5                       bank5        000000
__Hbank6                       bank6        000000
__Hbank7                       bank7        000000
__Hbigbss                      bigbss       000000
__Hbigdata                     bigdata      000000
__Hbigram                      bigram       000000
__Hbigsfr                      bigsfr       000000
__Hbss                         bss          000000
__HbssCOMRAM                   bssCOMRAM    000000
__Hcinit                       cinit        000000
__Hclrtext                     clrtext      000000
__Hcomram                      comram       000000
__Hconfig                      config       30000E
__Hconst                       const        000000
__HcstackCOMRAM                cstackCOMRAM 000000
__Hdata                        data         000000
__Heeprom_data                 eeprom_data  000000
__Hfarbss                      farbss       000000
__Hfardata                     fardata      000000
__Hheap                        heap         000000
__Hibigdata                    ibigdata     000000
__Hidata                       idata        000000
__Hidloc                       idloc        200008
__Hifardata                    ifardata     000000
__Hinit                        init         000108
__Hintcode                     intcode      000004
__Hintcode_body                intcode_body 000000
__Hintcodelo                   intcodelo    000104
__Hintentry                    intentry     000000
__Hintret                      intret       000000
__Hintsave_regs                intsave_regs 000000
__Hirdata                      irdata       000000
__Hmediumconst                 mediumconst  000000
__HnvFARRAM                    nvFARRAM     000000
__Hnvbit                       nvbit        000000
__Hnvrram                      nvrram       000000
__Hparam                       rparam       000000
__Hpowerup                     powerup      000104
__Hram                         ram          000000
__Hramtop                      ramtop       000800
__Hrbit                        rbit         000000
__Hrbss                        rbss         000000
__Hrdata                       rdata        000000
__Hreset_vec                   reset_vec    000004
__Hrparam                      rparam       000000
__Hsfr                         sfr          000000
__Hsivt_hi                     sivt_hi      000000
__Hsivt_lo                     sivt_lo      000000
__Hsmallconst                  smallconst   0008C8
__Hspace_0                     (abs)        00118C
__Hspace_1                     (abs)        000032
__Hspace_2                     (abs)        000000
__Hspace_4                     (abs)        60000E
__Hstack                       stack        000000
__Hstruct                      struct       000000
__Htemp                        temp         000032
__Htext                        text         000000
__Htext0                       text0        000000
__Htext1                       text1        000000
__Htext10                      text10       000000
__Htext11                      text11       000000
__Htext12                      text12       000000
__Htext13                      text13       000000
__Htext14                      text14       000000
__Htext15                      text15       000000
__Htext16                      text16       000000
__Htext17                      text17       000000
__Htext18                      text18       000000
__Htext19                      text19       000000
__Htext2                       text2        000000
__Htext20                      text20       000000
__Htext21                      text21       000000
__Htext22                      text22       000000
__Htext23                      text23       000000
__Htext24                      text24       000000
__Htext25                      text25       000000
__Htext26                      text26       000000
__Htext27                      text27       000000
__Htext28                      text28       000000
__Htext29                      text29       000000
__Htext3                       text3        000000
__Htext30                      text30       000000
__Htext31                      text31       000000
__Htext4                       text4        000000
__Htext5                       text5        000000
__Htext6                       text6        000000
__Htext7                       text7        000000
__Htext8                       text8        000000
__Htext9                       text9        000000
__LRAM                         (abs)        000001
__L__absolute__                __absolute__ 000000
__Labs1                        abs1         000000
__Lbank0                       bank0        000000
__Lbank1                       bank1        000000
__Lbank2                       bank2        000000
__Lbank3                       bank3        000000
__Lbank4                       bank4        000000
__Lbank5                       bank5        000000
__Lbank6                       bank6        000000
__Lbank7                       bank7        000000
__Lbigbss                      bigbss       000000
__Lbigdata                     bigdata      000000
__Lbigram                      bigram       000000
__Lbigsfr                      bigsfr       000000
__Lbss                         bss          000000
__LbssCOMRAM                   bssCOMRAM    000000
__Lcinit                       cinit        000000
__Lclrtext                     clrtext      000000
__Lcomram                      comram       000000
__Lconfig                      config       000000
__Lconst                       const        000000
__LcstackCOMRAM                cstackCOMRAM 000000
__Ldata                        data         000000
__Leeprom_data                 eeprom_data  000000
__Lfarbss                      farbss       000000
__Lfardata                     fardata      000000
__Lheap                        heap         000000
__Libigdata                    ibigdata     000000
__Lidata                       idata        000000
__Lidloc                       idloc        000000
__Lifardata                    ifardata     000000
__Linit                        init         000104
__Lintcode                     intcode      000004
__Lintcode_body                intcode_body 000000
__Lintcodelo                   intcodelo    000018
__Lintentry                    intentry     000000
__Lintret                      intret       000000
__Lintsave_regs                intsave_regs 000000
__Lirdata                      irdata       000000
__Lmediumconst                 mediumconst  000000
__LnvFARRAM                    nvFARRAM     000000
__Lnvbit                       nvbit        000000
__Lnvrram                      nvrram       000000
__Lparam                       rparam       000000
__Lpowerup                     powerup      000104
__Lram                         ram          000000
__Lramtop                      ramtop       000800
__Lrbit                        rbit         000000
__Lrbss                        rbss         000000
__Lrdata                       rdata        000000
__Lreset_vec                   reset_vec    000000
__Lrparam                      rparam       000000
__Lsfr                         sfr          000000
__Lsivt_hi                     sivt_hi      000000
__Lsivt_lo                     sivt_lo      000000
__Lsmallconst                  smallconst   000800
__Lspace_0                     (abs)        000000
__Lspace_1                     (abs)        000000
__Lspace_2                     (abs)        000000
__Lspace_4                     (abs)        000000
__Lstack                       stack        000000
__Lstruct                      struct       000000
__Ltemp                        temp         000031
__Ltext                        text         000000
__Ltext0                       text0        000000
__Ltext1                       text1        000000
__Ltext10                      text10       000000
__Ltext11                      text11       000000
__Ltext12                      text12       000000
__Ltext13                      text13       000000
__Ltext14                      text14       000000
__Ltext15                      text15       000000
__Ltext16                      text16       000000
__Ltext17                      text17       000000
__Ltext18                      text18       000000
__Ltext19                      text19       000000
__Ltext2                       text2        000000
__Ltext20                      text20       000000
__Ltext21                      text21       000000
__Ltext22                      text22       000000
__Ltext23                      text23       000000
__Ltext24                      text24       000000
__Ltext25                      text25       000000
__Ltext26                      text26       000000
__Ltext27                      text27       000000
__Ltext28                      text28       000000
__Ltext29                      text29       000000
__Ltext3                       text3        000000
__Ltext30                      text30       000000
__Ltext31                      text31       000000
__Ltext4                       text4        000000
__Ltext5                       text5        000000
__Ltext6                       text6        000000
__Ltext7                       text7        000000
__Ltext8                       text8        000000
__Ltext9                       text9        000000
__S0                           (abs)        00118C
__S1                           (abs)        000032
__S4                           (abs)        000000
__S5                           (abs)        000000
___heap_hi                     (abs)        000000
___heap_lo                     (abs)        000000
___inthi_sp                    stack        000000
___inthi_stack_hi              stack        000000
___inthi_stack_lo              stack        000000
___intlo_sp                    stack        000000
___intlo_stack_hi              stack        000000
___intlo_stack_lo              stack        000000
___lbdiv                       text24       000EB2
___lbdiv@counter               cstackCOMRAM 000007
___lbdiv@dividend              cstackCOMRAM 000006
___lbdiv@divisor               cstackCOMRAM 000005
___lbdiv@quotient              cstackCOMRAM 000008
___lbmod                       text23       000FCA
___lbmod@counter               cstackCOMRAM 000007
___lbmod@dividend              cstackCOMRAM 000006
___lbmod@divisor               cstackCOMRAM 000005
___lbmod@rem                   cstackCOMRAM 000008
___lldiv                       text8        000C8A
___lldiv@counter               cstackCOMRAM 00001D
___lldiv@dividend              cstackCOMRAM 000011
___lldiv@divisor               cstackCOMRAM 000015
___lldiv@quotient              cstackCOMRAM 000019
___lmul                        text7        000D76
___lmul@multiplicand           cstackCOMRAM 000009
___lmul@multiplier             cstackCOMRAM 000005
___lmul@product                cstackCOMRAM 00000D
___param_bank                  (abs)        000000
___rparam_used                 (abs)        000001
___sp                          stack        000000
___stack_hi                    stack        000000
___stack_lo                    stack        000000
__accesstop                    (abs)        000060
__activetblptr                 (abs)        000002
__end_of___lbdiv               text24       000EEA
__end_of___lbmod               text23       000FF2
__end_of___lldiv               text8        000D0C
__end_of___lmul                text7        000DCC
__end_of__initialization       cinit        001102
__end_of_beep_ms               text6        000C8A
__end_of_clock_init_8mhz       text31       00117E
__end_of_indicators_from_count text19       000EB2
__end_of_keypad_map_to_char    text30       000F4E
__end_of_lcd_clear             text15       001186
__end_of_lcd_cmd               text26       000F20
__end_of_lcd_gotoxy            text14       00103A
__end_of_lcd_init              text25       000D76
__end_of_lcd_print             text12       000FA2
__end_of_lcd_print2d           text11       001016
__end_of_lcd_pulse             text29       001162
__end_of_lcd_putc              text13       001170
__end_of_lcd_write             text27       0010BA
__end_of_lcd_write4            text28       0010F6
__end_of_low_isr               intcodelo    000104
__end_of_main                  text0        000B66
__end_of_reset_all_to_input    text18       0010D8
__end_of_reset_counter_only    text17       00118C
__end_of_rgb_set               text22       000FCA
__end_of_set_rgb_by_decena     text21       000C02
__end_of_sevenseg_bcd          text20       001150
__end_of_tmr0_start            text16       00113E
__end_of_ui_show_counting      text10       000E6E
__end_of_ui_show_emergency     text9        00109A
__end_of_ui_show_finished      text5        000F7A
__end_of_ui_show_input         text4        00107A
__end_of_ui_show_input_value   text3        000E20
__end_of_ui_show_welcome       text2        00105A
__end_of_validate_target       text1        001128
__end_ofkeypad_map_to_char@map smallconst   000811
__initialization               cinit        0010F6
__mediumconst                  mediumconst  000000
__pbssCOMRAM                   bssCOMRAM    000029
__pcinit                       cinit        0010F6
__pcstackCOMRAM                cstackCOMRAM 000001
__pintcodelo                   intcodelo    000018
__psmallconst                  smallconst   000800
__ptext0                       text0        0008C8
__ptext1                       text1        001110
__ptext10                      text10       000E20
__ptext11                      text11       000FF2
__ptext12                      text12       000F7A
__ptext13                      text13       001162
__ptext14                      text14       001016
__ptext15                      text15       00117E
__ptext16                      text16       001128
__ptext17                      text17       001186
__ptext18                      text18       0010BA
__ptext19                      text19       000E6E
__ptext2                       text2        00103A
__ptext20                      text20       00113E
__ptext21                      text21       000B66
__ptext22                      text22       000FA2
__ptext23                      text23       000FCA
__ptext24                      text24       000EB2
__ptext25                      text25       000D0C
__ptext26                      text26       000EEA
__ptext27                      text27       00109A
__ptext28                      text28       0010D8
__ptext29                      text29       001150
__ptext3                       text3        000DCC
__ptext30                      text30       000F20
__ptext31                      text31       001170
__ptext4                       text4        00105A
__ptext5                       text5        000F4E
__ptext6                       text6        000C02
__ptext7                       text7        000D76
__ptext8                       text8        000C8A
__ptext9                       text9        00107A
__ramtop                       ramtop       000800
__smallconst                   smallconst   000800
_beep_ms                       text6        000C02
_clock_init_8mhz               text31       001170
_count                         bssCOMRAM    00002B
_emg_latched                   bssCOMRAM    00002E
_finished                      bssCOMRAM    00002F
_indicators_from_count         text19       000E6E
_input_digits                  bssCOMRAM    00002A
_input_val                     bssCOMRAM    000029
_keypad_map_to_char            text30       000F20
_lcd_clear                     text15       00117E
_lcd_cmd                       text26       000EEA
_lcd_gotoxy                    text14       001016
_lcd_gotoxy$467                cstackCOMRAM 00000E
_lcd_init                      text25       000D0C
_lcd_print                     text12       000F7A
_lcd_print2d                   text11       000FF2
_lcd_pulse                     text29       001150
_lcd_putc                      text13       001162
_lcd_write                     text27       00109A
_lcd_write4                    text28       0010D8
_low_isr                       intcodelo    000018
_main                          text0        0008C8
_reset_all_to_input            text18       0010BA
_reset_counter_only            text17       001186
_rgb_set                       text22       000FA2
_set_rgb_by_decena             text21       000B66
_sevenseg_bcd                  text20       00113E
_started                       bssCOMRAM    000030
_target                        bssCOMRAM    00002C
_tmr0_start                    text16       001128
_ui_show_counting              text10       000E20
_ui_show_counting$492          cstackCOMRAM 000010
_ui_show_emergency             text9        00107A
_ui_show_finished              text5        000F4E
_ui_show_input                 text4        00105A
_ui_show_input_value           text3        000DCC
_ui_show_welcome               text2        00103A
_validate_target               text1        001110
_validate_target$503           cstackCOMRAM 000005
beep_ms@ms                     cstackCOMRAM 00001E
beep_ms@n                      cstackCOMRAM 000020
btemp                          temp         000031
end_of_initialization          cinit        001102
indicators_from_count@c        cstackCOMRAM 00000E
indicators_from_count@d        cstackCOMRAM 00000D
indicators_from_count@u        cstackCOMRAM 00000C
int$flags                      temp         000031
intlevel0                      text         000000
intlevel1                      text         000000
intlevel2                      text         000000
intlevel3                      text         000000
isa$std                        (abs)        000001
isa$xinst                      (abs)        000000
keypad_map_to_char@k           cstackCOMRAM 000007
keypad_map_to_char@map         smallconst   000801
lcd_cmd@c                      cstackCOMRAM 00000B
lcd_gotoxy@col                 cstackCOMRAM 00000D
lcd_gotoxy@row                 cstackCOMRAM 00000C
lcd_print2d@v                  cstackCOMRAM 00000B
lcd_print@s                    cstackCOMRAM 00000B
lcd_putc@c                     cstackCOMRAM 00000A
lcd_write4@nib                 cstackCOMRAM 000006
lcd_write4@out                 cstackCOMRAM 000007
lcd_write@b                    cstackCOMRAM 000009
lcd_write@rs                   cstackCOMRAM 000008
main@kc                        cstackCOMRAM 000028
main@last_rc1                  cstackCOMRAM 000026
main@rc1                       cstackCOMRAM 000027
rgb_set@b                      cstackCOMRAM 000006
rgb_set@g                      cstackCOMRAM 000005
rgb_set@r                      cstackCOMRAM 000007
set_rgb_by_decena@d            cstackCOMRAM 00000B
sevenseg_bcd@d                 cstackCOMRAM 000005
sevenseg_bcd@v                 cstackCOMRAM 000006
stackhi                        (abs)        000000
stacklo                        (abs)        000000
start                          init         000104
start_initialization           cinit        0010F6
ttemp5                         temp         000032
ttemp6                         temp         000035
ttemp7                         temp         000039
ui_show_counting@r             cstackCOMRAM 000012
ui_show_input_value@digits     cstackCOMRAM 000010
ui_show_input_value@val        cstackCOMRAM 000011
validate_target@v              cstackCOMRAM 000006
wtemp8                         temp         000032


MODULE INFORMATION

Module		Function		Class		Link	Load	Size
C:\Program Files\Microchip\xc8\v2.50\pic\sources\c90\common\lbdiv.c
		___lbdiv       		CODE           	0EB2	0000	56

C:\Program Files\Microchip\xc8\v2.50\pic\sources\c90\common\lbdiv.c estimated size: 56

C:\Program Files\Microchip\xc8\v2.50\pic\sources\c90\common\__lldiv.c
		___lldiv       		CODE           	0C8A	0000	130

C:\Program Files\Microchip\xc8\v2.50\pic\sources\c90\common\__lldiv.c estimated size: 130

shared
		__initialization		CODE           	10F6	0000	12
		keypad_map_to_char@map		SMALLCONST     	0801	0000	16

shared estimated size: 28

C:\Program Files\Microchip\xc8\v2.50\pic\sources\c90\common\lbmod.c
		___lbmod       		CODE           	0FCA	0000	40

C:\Program Files\Microchip\xc8\v2.50\pic\sources\c90\common\lbmod.c estimated size: 40

C:\Program Files\Microchip\xc8\v2.50\pic\sources\c90\common\Umul32.c
		___lmul        		CODE           	0D76	0000	86

C:\Program Files\Microchip\xc8\v2.50\pic\sources\c90\common\Umul32.c estimated size: 86

Lab4.c
		_validate_target		CODE           	1110	0000	24
		_ui_show_welcome		CODE           	103A	0000	32
		_indicators_from_count		CODE           	0E6E	0000	68
		_lcd_putc      		CODE           	1162	0000	14
		_lcd_cmd       		CODE           	0EEA	0000	54
		_beep_ms       		CODE           	0C02	0000	136
		_rgb_set       		CODE           	0FA2	0000	40
		_keypad_map_to_char		CODE           	0F20	0000	46
		_sevenseg_bcd  		CODE           	113E	0000	18
		_set_rgb_by_decena		CODE           	0B66	0000	156
		_main          		CODE           	08C8	0000	670
		_reset_all_to_input		CODE           	10BA	0000	30
		_tmr0_start    		CODE           	1128	0000	22
		_lcd_clear     		CODE           	117E	0000	8
		_lcd_gotoxy    		CODE           	1016	0000	36
		_lcd_print     		CODE           	0F7A	0000	40
		_lcd_print2d   		CODE           	0FF2	0000	36
		_ui_show_finished		CODE           	0F4E	0000	44
		_ui_show_input_value		CODE           	0DCC	0000	84
		_ui_show_counting		CODE           	0E20	0000	78
		_lcd_pulse     		CODE           	1150	0000	18
		_ui_show_input 		CODE           	105A	0000	32
		_clock_init_8mhz		CODE           	1170	0000	14
		_lcd_write     		CODE           	109A	0000	32
		_lcd_write4    		CODE           	10D8	0000	30
		_reset_counter_only		CODE           	1186	0000	6
		_ui_show_emergency		CODE           	107A	0000	32
		_low_isr       		CODE           	0018	0000	236
		_lcd_init      		CODE           	0D0C	0000	106

Lab4.c estimated size: 2142

